46.29.2.62 - - [30/Sep/2015:00:15:01 +0300] "GET /graffiti HTTP/1.0" 200 146 "-" "Wget/1.12 (linux-gnu)"
5.255.253.45 - - [30/Sep/2015:00:15:02 +0300] "GET /muzykanty HTTP/1.0" 200 38658 "-" "Mozilla/5.0 (compatible; YandexBot/3.0; +http://yandex.com/bots)"
46.29.2.62 - - [30/Sep/2015:00:17:01 +0300] "GET /cats HTTP/1.0" 200 146 "-" "Wget/1.12 (linux-gnu)"
46.29.2.62 - - [30/Sep/2015:00:20:01 +0300] "GET /flowers HTTP/1.0" 200 146 "-" "Wget/1.12 (linux-gnu)"
46.29.2.62 - - [30/Sep/2015:00:22:01 +0300] "GET /dresses HTTP/1.0" 200 146 "-" "Wget/1.12 (linux-gnu)"
46.29.2.62 - - [30/Sep/2015:00:25:01 +0300] "GET /cars HTTP/1.0" 200 146 "-" "Wget/1.12 (linux-gnu)"
46.29.2.62 - - [30/Sep/2015:00:27:01 +0300] "GET /shoes HTTP/1.0" 200 146 "-" "Wget/1.12 (linux-gnu)"
157.55.39.174 - - [30/Sep/2015:00:27:41 +0300] "GET /vote/1279 HTTP/1.0" 302 - "-" "Mozilla/5.0 (compatible; bingbot/2.0; +http://www.bing.com/bingbot.htm)"
157.55.39.174 - - [30/Sep/2015:00:27:43 +0300] "GET /error404 HTTP/1.0" 200 2385 "-" "Mozilla/5.0 (compatible; bingbot/2.0; +http://www.bing.com/bingbot.htm)"
217.69.134.39 - - [30/Sep/2015:00:27:51 +0300] "GET /sitemap1.xml.gz HTTP/1.0" 304 - "-" "Mozilla/5.0 (compatible; Linux x86_64; Mail.RU_Bot/Fast/2.0; +http://go.mail.ru/help/robots)"
46.29.2.62 - - [30/Sep/2015:00:30:01 +0300] "GET /weather.php?get HTTP/1.0" 200 - "-" "Wget/1.12 (linux-gnu)"
46.29.2.62 - - [30/Sep/2015:00:30:01 +0300] "GET /architecture HTTP/1.0" 200 146 "-" "Wget/1.12 (linux-gnu)"
46.29.2.62 - - [30/Sep/2015:00:32:01 +0300] "GET /snowboard HTTP/1.0" 200 146 "-" "Wget/1.12 (linux-gnu)"
46.29.2.62 - - [30/Sep/2015:00:35:01 +0300] "GET /bike HTTP/1.0" 200 146 "-" "Wget/1.12 (linux-gnu)"
37.140.141.30 - - [30/Sep/2015:00:36:29 +0300] "GET /novogodnie/4/ HTTP/1.0" 200 13950 "-" "Mozilla/5.0 (compatible; YandexBot/3.0; +http://yandex.com/bots)"
46.29.2.62 - - [30/Sep/2015:00:37:01 +0300] "GET /skateboard HTTP/1.0" 200 146 "-" "Wget/1.12 (linux-gnu)"
46.29.2.62 - - [30/Sep/2015:00:42:01 +0300] "GET /funny_animals HTTP/1.0" 200 146 "-" "Wget/1.12 (linux-gnu)"
66.249.78.65 - - [30/Sep/2015:00:42:34 +0300] "GET /devushki-blondinki HTTP/1.0" 200 35995 "-" "Mozilla/5.0 (compatible; Googlebot/2.1; +http://www.google.com/bot.html)"
176.59.119.104 - - [30/Sep/2015:00:42:46 +0300] "GET /script.js HTTP/1.0" 200 1907 "http://example.com/index/19/" "Mozilla/5.0 (Linux; Android 5.0.2; SAMSUNG SM-G530H Build/LRX22G) AppleWebKit/537.36 (KHTML, like Gecko) SamsungBrowser/3.3 Chrome/38.0.2125.102 Mobile Safari/537.36"
176.59.119.104 - - [30/Sep/2015:00:42:46 +0300] "GET /style.css HTTP/1.0" 200 3036 "http://example.com/index/19/" "Mozilla/5.0 (Linux; Android 5.0.2; SAMSUNG SM-G530H Build/LRX22G) AppleWebKit/537.36 (KHTML, like Gecko) SamsungBrowser/3.3 Chrome/38.0.2125.102 Mobile Safari/537.36"
176.59.119.104 - - [30/Sep/2015:00:42:46 +0300] "GET /img/logo_cut.png HTTP/1.0" 200 34713 "http://example.com/index/19/" "Mozilla/5.0 (Linux; Android 5.0.2; SAMSUNG SM-G530H Build/LRX22G) AppleWebKit/537.36 (KHTML, like Gecko) SamsungBrowser/3.3 Chrome/38.0.2125.102 Mobile Safari/537.36"
176.59.119.104 - - [30/Sep/2015:00:42:46 +0300] "GET /img/like.png HTTP/1.0" 200 3722 "http://example.com/index/19/" "Mozilla/5.0 (Linux; Android 5.0.2; SAMSUNG SM-G530H Build/LRX22G) AppleWebKit/537.36 (KHTML, like Gecko) SamsungBrowser/3.3 Chrome/38.0.2125.102 Mobile Safari/537.36"
176.59.119.104 - - [30/Sep/2015:00:42:46 +0300] "GET /img/fon5.gif HTTP/1.0" 200 55 "http://example.com/style.css" "Mozilla/5.0 (Linux; Android 5.0.2; SAMSUNG SM-G530H Build/LRX22G) AppleWebKit/537.36 (KHTML, like Gecko) SamsungBrowser/3.3 Chrome/38.0.2125.102 Mobile Safari/537.36"
176.59.119.104 - - [30/Sep/2015:00:42:47 +0300] "GET /img/marker.gif HTTP/1.0" 200 47 "http://example.com/style.css" "Mozilla/5.0 (Linux; Android 5.0.2; SAMSUNG SM-G530H Build/LRX22G) AppleWebKit/537.36 (KHTML, like Gecko) SamsungBrowser/3.3 Chrome/38.0.2125.102 Mobile Safari/537.36"
176.59.119.104 - - [30/Sep/2015:00:42:47 +0300] "GET /favicon.ico HTTP/1.0" 200 1150 "-" "Mozilla/5.0 (Linux; Android 5.0.2; SAMSUNG SM-G530H Build/LRX22G) AppleWebKit/537.36 (KHTML, like Gecko) SamsungBrowser/3.3 Chrome/38.0.2125.102 Mobile Safari/537.36"
157.55.39.174 - - [30/Sep/2015:00:42:55 +0300] "GET /index/700/ HTTP/1.0" 200 10154 "-" "Mozilla/5.0 (compatible; bingbot/2.0; +http://www.bing.com/bingbot.htm)"
46.29.2.62 - - [30/Sep/2015:00:45:01 +0300] "GET /graffiti HTTP/1.0" 200 146 "-" "Wget/1.12 (linux-gnu)"
217.69.134.15 - - [30/Sep/2015:00:46:33 +0300] "GET /sitemap1.xml.gz HTTP/1.0" 304 - "-" "Mozilla/5.0 (compatible; Linux x86_64; Mail.RU_Bot/Fast/2.0; +http://go.mail.ru/help/robots)"
46.29.2.62 - - [30/Sep/2015:00:47:01 +0300] "GET /cats HTTP/1.0" 200 146 "-" "Wget/1.12 (linux-gnu)"
46.29.2.62 - - [30/Sep/2015:00:50:01 +0300] "GET /flowers HTTP/1.0" 200 146 "-" "Wget/1.12 (linux-gnu)"
46.29.2.62 - - [30/Sep/2015:00:52:01 +0300] "GET /dresses HTTP/1.0" 200 146 "-" "Wget/1.12 (linux-gnu)"
46.29.2.62 - - [30/Sep/2015:00:55:01 +0300] "GET /cars HTTP/1.0" 200 146 "-" "Wget/1.12 (linux-gnu)"
46.29.2.62 - - [30/Sep/2015:00:57:01 +0300] "GET /shoes HTTP/1.0" 200 146 "-" "Wget/1.12 (linux-gnu)"
37.140.141.30 - - [30/Sep/2015:00:58:48 +0300] "GET /zyatya-i-teshchi HTTP/1.0" 200 39166 "-" "Mozilla/5.0 (compatible; YandexBot/3.0; +http://yandex.com/bots)"
185.53.44.186 - - [30/Sep/2015:01:00:00 +0300] "GET /index/296/ HTTP/1.0" 200 10782 "-" "Mozilla/5.0 (compatible; XoviBot/2.0; +http://www.xovibot.net/)"
46.29.2.62 - - [30/Sep/2015:01:00:02 +0300] "GET /publisher.php HTTP/1.0" 200 1 "-" "Wget/1.12 (linux-gnu)"
46.29.2.62 - - [30/Sep/2015:01:00:02 +0300] "GET /weather.php?get HTTP/1.0" 200 - "-" "Wget/1.12 (linux-gnu)"
46.29.2.62 - - [30/Sep/2015:01:00:02 +0300] "GET /architecture HTTP/1.0" 200 146 "-" "Wget/1.12 (linux-gnu)"
95.108.158.190 - - [30/Sep/2015:01:00:17 +0300] "GET /index/19/ HTTP/1.0" 200 13585 "-" "Mozilla/5.0 (compatible; YandexBot/3.0; +http://yandex.com/bots)"
46.29.2.62 - - [30/Sep/2015:01:02:01 +0300] "GET /snowboard HTTP/1.0" 200 146 "-" "Wget/1.12 (linux-gnu)"
217.69.134.29 - - [30/Sep/2015:01:04:17 +0300] "GET /sitemap1.xml.gz HTTP/1.0" 304 - "-" "Mozilla/5.0 (compatible; Linux x86_64; Mail.RU_Bot/Fast/2.0; +http://go.mail.ru/help/robots)"
46.29.2.62 - - [30/Sep/2015:01:05:01 +0300] "GET /bike HTTP/1.0" 200 146 "-" "Wget/1.12 (linux-gnu)"
46.29.2.62 - - [30/Sep/2015:01:07:01 +0300] "GET /skateboard HTTP/1.0" 200 146 "-" "Wget/1.12 (linux-gnu)"
46.29.2.62 - - [30/Sep/2015:01:10:02 +0300] "GET /rss/tatoo.rss HTTP/1.0" 200 5079 "-" "-"
46.29.2.62 - - [30/Sep/2015:01:10:06 +0300] "GET /rss/tatoo.rss HTTP/1.0" 200 5079 "-" "-"
46.29.2.62 - - [30/Sep/2015:01:10:01 +0300] "GET /tatoo HTTP/1.0" 200 4643 "-" "Wget/1.12 (linux-gnu)"
46.29.2.62 - - [30/Sep/2015:01:12:01 +0300] "GET /funny_animals HTTP/1.0" 200 146 "-" "Wget/1.12 (linux-gnu)"
46.29.2.62 - - [30/Sep/2015:01:15:06 +0300] "GET /graffiti HTTP/1.0" 200 146 "-" "Wget/1.12 (linux-gnu)"
46.29.2.62 - - [30/Sep/2015:01:17:01 +0300] "GET /cats HTTP/1.0" 200 146 "-" "Wget/1.12 (linux-gnu)"
46.29.2.62 - - [30/Sep/2015:01:20:01 +0300] "GET /flowers HTTP/1.0" 200 146 "-" "Wget/1.12 (linux-gnu)"
217.69.134.11 - - [30/Sep/2015:01:20:36 +0300] "GET /sitemap1.xml.gz HTTP/1.0" 304 - "-" "Mozilla/5.0 (compatible; Linux x86_64; Mail.RU_Bot/Fast/2.0; +http://go.mail.ru/help/robots)"
5.255.253.74 - - [30/Sep/2015:01:20:49 +0300] "GET /index/383/ HTTP/1.0" 200 10107 "-" "Mozilla/5.0 (compatible; YandexBot/3.0; +http://yandex.com/bots)"
46.29.2.62 - - [30/Sep/2015:01:22:01 +0300] "GET /dresses HTTP/1.0" 200 146 "-" "Wget/1.12 (linux-gnu)"
46.29.2.62 - - [30/Sep/2015:01:25:01 +0300] "GET /cars HTTP/1.0" 200 146 "-" "Wget/1.12 (linux-gnu)"
46.29.2.62 - - [30/Sep/2015:01:27:01 +0300] "GET /shoes HTTP/1.0" 200 146 "-" "Wget/1.12 (linux-gnu)"
46.29.2.62 - - [30/Sep/2015:01:30:01 +0300] "GET /weather.php?get HTTP/1.0" 200 - "-" "Wget/1.12 (linux-gnu)"
46.29.2.62 - - [30/Sep/2015:01:30:01 +0300] "GET /architecture HTTP/1.0" 200 146 "-" "Wget/1.12 (linux-gnu)"
46.29.2.62 - - [30/Sep/2015:01:32:01 +0300] "GET /snowboard HTTP/1.0" 200 146 "-" "Wget/1.12 (linux-gnu)"
46.29.2.62 - - [30/Sep/2015:01:35:01 +0300] "GET /bike HTTP/1.0" 200 146 "-" "Wget/1.12 (linux-gnu)"
46.29.2.62 - - [30/Sep/2015:01:37:01 +0300] "GET /skateboard HTTP/1.0" 200 146 "-" "Wget/1.12 (linux-gnu)"
157.55.39.250 - - [30/Sep/2015:01:37:47 +0300] "GET /index/881/ HTTP/1.0" 200 10895 "-" "Mozilla/5.0 (compatible; bingbot/2.0; +http://www.bing.com/bingbot.htm)"
217.69.134.12 - - [30/Sep/2015:01:38:33 +0300] "GET /sitemap1.xml.gz HTTP/1.0" 304 - "-" "Mozilla/5.0 (compatible; Linux x86_64; Mail.RU_Bot/Fast/2.0; +http://go.mail.ru/help/robots)"
66.249.69.39 - - [30/Sep/2015:01:40:20 +0300] "GET /sitemap1.xml.gz HTTP/1.0" 200 4631 "-" "Mozilla/5.0 (compatible; Googlebot/2.1; +http://www.google.com/bot.html)"
46.29.2.62 - - [30/Sep/2015:01:42:01 +0300] "GET /funny_animals HTTP/1.0" 200 146 "-" "Wget/1.12 (linux-gnu)"
93.158.178.129 - - [30/Sep/2015:01:44:32 +0300] "GET /index/491/ HTTP/1.0" 200 10067 "-" "Mozilla/5.0 (compatible; YandexBot/3.0; +http://yandex.com/bots)"
46.29.2.62 - - [30/Sep/2015:01:45:01 +0300] "GET /graffiti HTTP/1.0" 200 146 "-" "Wget/1.12 (linux-gnu)"
46.29.2.62 - - [30/Sep/2015:01:47:01 +0300] "GET /cats HTTP/1.0" 200 146 "-" "Wget/1.12 (linux-gnu)"
46.29.2.62 - - [30/Sep/2015:01:50:01 +0300] "GET /flowers HTTP/1.0" 200 146 "-" "Wget/1.12 (linux-gnu)"
46.29.2.62 - - [30/Sep/2015:01:52:01 +0300] "GET /dresses HTTP/1.0" 200 146 "-" "Wget/1.12 (linux-gnu)"
46.29.2.62 - - [30/Sep/2015:01:55:01 +0300] "GET /cars HTTP/1.0" 200 146 "-" "Wget/1.12 (linux-gnu)"
46.29.2.62 - - [30/Sep/2015:01:57:01 +0300] "GET /shoes HTTP/1.0" 200 146 "-" "Wget/1.12 (linux-gnu)"
217.69.134.13 - - [30/Sep/2015:01:57:09 +0300] "GET /sitemap1.xml.gz HTTP/1.0" 304 - "-" "Mozilla/5.0 (compatible; Linux x86_64; Mail.RU_Bot/Fast/2.0; +http://go.mail.ru/help/robots)"
46.29.2.62 - - [30/Sep/2015:02:00:01 +0300] "GET /publisher.php HTTP/1.0" 200 1 "-" "Wget/1.12 (linux-gnu)"
46.29.2.62 - - [30/Sep/2015:02:00:01 +0300] "GET /weather.php?get HTTP/1.0" 200 - "-" "Wget/1.12 (linux-gnu)"
46.29.2.62 - - [30/Sep/2015:02:00:01 +0300] "GET /architecture HTTP/1.0" 200 146 "-" "Wget/1.12 (linux-gnu)"
66.249.78.72 - - [30/Sep/2015:02:01:41 +0300] "GET / HTTP/1.0" 200 39014 "-" "Mediapartners-Google"
66.249.78.58 - - [30/Sep/2015:02:01:44 +0300] "GET / HTTP/1.0" 200 39014 "-" "Mozilla/5.0 (iPhone; U; CPU iPhone OS 4_1 like Mac OS X; en-us) AppleWebKit/532.9 (KHTML, like Gecko) Version/4.0.5 Mobile/8B117 Safari/6531.22.7 (compatible; Mediapartners-Google/2.1; +http://www.google.com/bot.html)"
46.29.2.62 - - [30/Sep/2015:02:02:01 +0300] "GET /snowboard HTTP/1.0" 200 146 "-" "Wget/1.12 (linux-gnu)"
46.29.2.62 - - [30/Sep/2015:02:05:01 +0300] "GET /bike HTTP/1.0" 200 146 "-" "Wget/1.12 (linux-gnu)"
207.46.13.48 - - [30/Sep/2015:02:05:47 +0300] "GET /search/index.php HTTP/1.0" 500 2 "-" "Mozilla/5.0 (compatible; bingbot/2.0; +http://www.bing.com/bingbot.htm)"
37.140.141.30 - - [30/Sep/2015:02:06:53 +0300] "GET /zheleznodorozhnye HTTP/1.0" 200 40152 "-" "Mozilla/5.0 (compatible; YandexBot/3.0; +http://yandex.com/bots)"
46.29.2.62 - - [30/Sep/2015:02:07:01 +0300] "GET /skateboard HTTP/1.0" 200 146 "-" "Wget/1.12 (linux-gnu)"
46.29.2.62 - - [30/Sep/2015:02:10:02 +0300] "GET /rss/tatoo.rss HTTP/1.0" 200 5079 "-" "-"
46.29.2.62 - - [30/Sep/2015:02:10:06 +0300] "GET /rss/tatoo.rss HTTP/1.0" 200 5079 "-" "-"
46.29.2.62 - - [30/Sep/2015:02:10:01 +0300] "GET /tatoo HTTP/1.0" 200 4643 "-" "Wget/1.12 (linux-gnu)"
178.76.227.154 - - [30/Sep/2015:02:10:46 +0300] "GET /kovboyskie HTTP/1.0" 200 40427 "https://www.google.ru/" "Mozilla/5.0 (iPhone; CPU iPhone OS 8_0 like Mac OS X) AppleWebKit/600.1.4 (KHTML, like Gecko) CriOS/42.0.2311.47 Mobile/12A365 Safari/600.1.4"
178.76.227.154 - - [30/Sep/2015:02:10:46 +0300] "GET /style.css HTTP/1.0" 200 3036 "http://example.com/kovboyskie" "Mozilla/5.0 (iPhone; CPU iPhone OS 8_0 like Mac OS X) AppleWebKit/600.1.4 (KHTML, like Gecko) CriOS/42.0.2311.47 Mobile/12A365 Safari/600.1.4"
178.76.227.154 - - [30/Sep/2015:02:10:46 +0300] "GET /script.js HTTP/1.0" 200 1907 "http://example.com/kovboyskie" "Mozilla/5.0 (iPhone; CPU iPhone OS 8_0 like Mac OS X) AppleWebKit/600.1.4 (KHTML, like Gecko) CriOS/42.0.2311.47 Mobile/12A365 Safari/600.1.4"
178.76.227.154 - - [30/Sep/2015:02:10:46 +0300] "GET /img/logo_cut.png HTTP/1.0" 200 34713 "http://example.com/kovboyskie" "Mozilla/5.0 (iPhone; CPU iPhone OS 8_0 like Mac OS X) AppleWebKit/600.1.4 (KHTML, like Gecko) CriOS/42.0.2311.47 Mobile/12A365 Safari/600.1.4"
178.76.227.154 - - [30/Sep/2015:02:10:46 +0300] "GET /img/like.png HTTP/1.0" 200 3722 "http://example.com/kovboyskie" "Mozilla/5.0 (iPhone; CPU iPhone OS 8_0 like Mac OS X) AppleWebKit/600.1.4 (KHTML, like Gecko) CriOS/42.0.2311.47 Mobile/12A365 Safari/600.1.4"
178.76.227.154 - - [30/Sep/2015:02:10:49 +0300] "GET /img/fon5.gif HTTP/1.0" 200 55 "http://example.com/kovboyskie" "Mozilla/5.0 (iPhone; CPU iPhone OS 8_0 like Mac OS X) AppleWebKit/600.1.4 (KHTML, like Gecko) CriOS/42.0.2311.47 Mobile/12A365 Safari/600.1.4"
178.76.227.154 - - [30/Sep/2015:02:10:49 +0300] "GET /img/marker.gif HTTP/1.0" 200 47 "http://example.com/kovboyskie" "Mozilla/5.0 (iPhone; CPU iPhone OS 8_0 like Mac OS X) AppleWebKit/600.1.4 (KHTML, like Gecko) CriOS/42.0.2311.47 Mobile/12A365 Safari/600.1.4"
178.76.227.154 - - [30/Sep/2015:02:10:54 +0300] "GET /favicon.ico HTTP/1.0" 200 1150 "-" "Mozilla/5.0 (iPhone; CPU iPhone OS 8_0 like Mac OS X) AppleWebKit/600.1.4 (KHTML, like Gecko) CriOS/42.0.2311.47 Mobile/12A365 Safari/600.1.4"
157.55.39.250 - - [30/Sep/2015:02:11:08 +0300] "GET /vote/1353 HTTP/1.0" 302 - "-" "Mozilla/5.0 (compatible; bingbot/2.0; +http://www.bing.com/bingbot.htm)"
157.55.39.250 - - [30/Sep/2015:02:11:10 +0300] "GET /error404 HTTP/1.0" 200 2385 "-" "Mozilla/5.0 (compatible; bingbot/2.0; +http://www.bing.com/bingbot.htm)"
178.76.227.154 - - [30/Sep/2015:02:11:46 +0300] "GET / HTTP/1.0" 200 39014 "http://example.com/kovboyskie" "Mozilla/5.0 (iPhone; CPU iPhone OS 8_0 like Mac OS X) AppleWebKit/600.1.4 (KHTML, like Gecko) CriOS/42.0.2311.47 Mobile/12A365 Safari/600.1.4"
46.29.2.62 - - [30/Sep/2015:02:12:01 +0300] "GET /funny_animals HTTP/1.0" 200 146 "-" "Wget/1.12 (linux-gnu)"
178.76.227.154 - - [30/Sep/2015:02:14:24 +0300] "GET /index/634/ HTTP/1.0" 200 10102 "http://example.com/kovboyskie" "Mozilla/5.0 (iPhone; CPU iPhone OS 8_0 like Mac OS X) AppleWebKit/600.1.4 (KHTML, like Gecko) CriOS/42.0.2311.47 Mobile/12A365 Safari/600.1.4"
46.29.2.62 - - [30/Sep/2015:02:15:01 +0300] "GET /graffiti HTTP/1.0" 200 146 "-" "Wget/1.12 (linux-gnu)"
213.87.151.38 - - [30/Sep/2015:02:15:42 +0300] "GET /kovboyskie/2/ HTTP/1.0" 200 19051 "http://example.com/kovboyskie" "Mozilla/5.0 (iPhone; CPU iPhone OS 8_0 like Mac OS X) AppleWebKit/600.1.4 (KHTML, like Gecko) CriOS/42.0.2311.47 Mobile/12A365 Safari/600.1.4"
217.69.134.29 - - [30/Sep/2015:02:17:00 +0300] "GET /sitemap1.xml.gz HTTP/1.0" 304 - "-" "Mozilla/5.0 (compatible; Linux x86_64; Mail.RU_Bot/Fast/2.0; +http://go.mail.ru/help/robots)"
46.29.2.62 - - [30/Sep/2015:02:17:01 +0300] "GET /cats HTTP/1.0" 200 146 "-" "Wget/1.12 (linux-gnu)"
207.46.13.48 - - [30/Sep/2015:02:19:19 +0300] "GET /kovboyskie HTTP/1.0" 200 40427 "-" "Mozilla/5.0 (iPhone; CPU iPhone OS 7_0 like Mac OS X) AppleWebKit/537.51.1 (KHTML, like Gecko) Version/7.0 Mobile/11A465 Safari/9537.53 (compatible; bingbot/2.0;  http://www.bing.com/bingbot.htm)"
157.55.39.174 - - [30/Sep/2015:02:19:54 +0300] "GET /script.js HTTP/1.0" 200 1907 "-" "Mozilla/5.0 (iPhone; CPU iPhone OS 7_0 like Mac OS X) AppleWebKit/537.51.1 (KHTML, like Gecko) Version/7.0 Mobile/11A465 Safari/9537.53 (compatible; bingbot/2.0; +http://www.bing.com/bingbot.htm)"
46.29.2.62 - - [30/Sep/2015:02:20:01 +0300] "GET /flowers HTTP/1.0" 200 146 "-" "Wget/1.12 (linux-gnu)"
157.55.39.182 - - [30/Sep/2015:02:20:46 +0300] "GET /robots.txt HTTP/1.0" 200 67 "-" "Mozilla/5.0 (compatible; bingbot/2.0; +http://www.bing.com/bingbot.htm)"
157.55.39.182 - - [30/Sep/2015:02:20:47 +0300] "GET /style.css HTTP/1.0" 200 3036 "-" "Mozilla/5.0 (iPhone; CPU iPhone OS 7_0 like Mac OS X) AppleWebKit/537.51.1 (KHTML, like Gecko) Version/7.0 Mobile/11A465 Safari/9537.53 (compatible; bingbot/2.0; +http://www.bing.com/bingbot.htm)"
207.46.13.48 - - [30/Sep/2015:02:20:47 +0300] "GET /robots.txt HTTP/1.0" 200 67 "-" "Mozilla/5.0 (compatible; bingbot/2.0; +http://www.bing.com/bingbot.htm)"
207.46.13.48 - - [30/Sep/2015:02:20:47 +0300] "GET /robots.txt HTTP/1.0" 200 67 "-" "Mozilla/5.0 (compatible; bingbot/2.0; +http://www.bing.com/bingbot.htm)"
46.29.2.62 - - [30/Sep/2015:02:22:01 +0300] "GET /dresses HTTP/1.0" 200 146 "-" "Wget/1.12 (linux-gnu)"
46.29.2.62 - - [30/Sep/2015:02:25:01 +0300] "GET /cars HTTP/1.0" 200 146 "-" "Wget/1.12 (linux-gnu)"
157.55.39.250 - - [30/Sep/2015:02:25:49 +0300] "GET /index/190/ HTTP/1.0" 200 10592 "-" "Mozilla/5.0 (compatible; bingbot/2.0; +http://www.bing.com/bingbot.htm)"
157.55.39.250 - - [30/Sep/2015:02:25:49 +0300] "GET /index/186/ HTTP/1.0" 200 10226 "-" "Mozilla/5.0 (compatible; bingbot/2.0; +http://www.bing.com/bingbot.htm)"
157.55.39.250 - - [30/Sep/2015:02:25:50 +0300] "GET /index/184/ HTTP/1.0" 200 10181 "-" "Mozilla/5.0 (compatible; bingbot/2.0; +http://www.bing.com/bingbot.htm)"
157.55.39.250 - - [30/Sep/2015:02:25:50 +0300] "GET /index/182/ HTTP/1.0" 200 9916 "-" "Mozilla/5.0 (compatible; bingbot/2.0; +http://www.bing.com/bingbot.htm)"
157.55.39.250 - - [30/Sep/2015:02:25:50 +0300] "GET /search/72/ HTTP/1.0" 200 39311 "-" "Mozilla/5.0 (compatible; bingbot/2.0; +http://www.bing.com/bingbot.htm)"
157.55.39.250 - - [30/Sep/2015:02:25:50 +0300] "GET /index/18/ HTTP/1.0" 200 9489 "-" "Mozilla/5.0 (compatible; bingbot/2.0; +http://www.bing.com/bingbot.htm)"
157.55.39.250 - - [30/Sep/2015:02:25:50 +0300] "GET /index/178/ HTTP/1.0" 200 11698 "-" "Mozilla/5.0 (compatible; bingbot/2.0; +http://www.bing.com/bingbot.htm)"
157.55.39.250 - - [30/Sep/2015:02:25:51 +0300] "GET /index/175/ HTTP/1.0" 200 10924 "-" "Mozilla/5.0 (compatible; bingbot/2.0; +http://www.bing.com/bingbot.htm)"
157.55.39.250 - - [30/Sep/2015:02:25:51 +0300] "GET /index/171/ HTTP/1.0" 200 10423 "-" "Mozilla/5.0 (compatible; bingbot/2.0; +http://www.bing.com/bingbot.htm)"
157.55.39.250 - - [30/Sep/2015:02:25:51 +0300] "GET /index/170/ HTTP/1.0" 200 9933 "-" "Mozilla/5.0 (compatible; bingbot/2.0; +http://www.bing.com/bingbot.htm)"
157.55.39.250 - - [30/Sep/2015:02:25:51 +0300] "GET /index/160/ HTTP/1.0" 200 10312 "-" "Mozilla/5.0 (compatible; bingbot/2.0; +http://www.bing.com/bingbot.htm)"
157.55.39.250 - - [30/Sep/2015:02:25:52 +0300] "GET /search/76/ HTTP/1.0" 200 39311 "-" "Mozilla/5.0 (compatible; bingbot/2.0; +http://www.bing.com/bingbot.htm)"
157.55.39.250 - - [30/Sep/2015:02:25:52 +0300] "GET /index/157/ HTTP/1.0" 200 9798 "-" "Mozilla/5.0 (compatible; bingbot/2.0; +http://www.bing.com/bingbot.htm)"
157.55.39.250 - - [30/Sep/2015:02:25:52 +0300] "GET /search/78/ HTTP/1.0" 200 39336 "-" "Mozilla/5.0 (compatible; bingbot/2.0; +http://www.bing.com/bingbot.htm)"
157.55.39.250 - - [30/Sep/2015:02:25:52 +0300] "GET /index/146/ HTTP/1.0" 200 12011 "-" "Mozilla/5.0 (compatible; bingbot/2.0; +http://www.bing.com/bingbot.htm)"
157.55.39.250 - - [30/Sep/2015:02:25:52 +0300] "GET /index/143/ HTTP/1.0" 200 12106 "-" "Mozilla/5.0 (compatible; bingbot/2.0; +http://www.bing.com/bingbot.htm)"
157.55.39.250 - - [30/Sep/2015:02:25:53 +0300] "GET /index/141/ HTTP/1.0" 200 10312 "-" "Mozilla/5.0 (compatible; bingbot/2.0; +http://www.bing.com/bingbot.htm)"
157.55.39.250 - - [30/Sep/2015:02:25:53 +0300] "GET /index/1385/ HTTP/1.0" 200 9815 "-" "Mozilla/5.0 (compatible; bingbot/2.0; +http://www.bing.com/bingbot.htm)"
157.55.39.250 - - [30/Sep/2015:02:25:53 +0300] "GET /index/1379/ HTTP/1.0" 200 9892 "-" "Mozilla/5.0 (compatible; bingbot/2.0; +http://www.bing.com/bingbot.htm)"
157.55.39.250 - - [30/Sep/2015:02:25:53 +0300] "GET /index/1338/ HTTP/1.0" 200 10144 "-" "Mozilla/5.0 (compatible; bingbot/2.0; +http://www.bing.com/bingbot.htm)"
157.55.39.250 - - [30/Sep/2015:02:25:53 +0300] "GET /zheleznodorozhnye/2/ HTTP/1.0" 200 24859 "-" "Mozilla/5.0 (compatible; bingbot/2.0; +http://www.bing.com/bingbot.htm)"
157.55.39.250 - - [30/Sep/2015:02:25:54 +0300] "GET /index/1324/ HTTP/1.0" 200 9899 "-" "Mozilla/5.0 (compatible; bingbot/2.0; +http://www.bing.com/bingbot.htm)"
157.55.39.250 - - [30/Sep/2015:02:25:54 +0300] "GET /index/4/ HTTP/1.0" 200 9511 "-" "Mozilla/5.0 (compatible; bingbot/2.0; +http://www.bing.com/bingbot.htm)"
157.55.39.250 - - [30/Sep/2015:02:25:54 +0300] "GET /index/413/ HTTP/1.0" 200 9949 "-" "Mozilla/5.0 (compatible; bingbot/2.0; +http://www.bing.com/bingbot.htm)"
157.55.39.250 - - [30/Sep/2015:02:25:54 +0300] "GET /index/449/ HTTP/1.0" 200 10131 "-" "Mozilla/5.0 (compatible; bingbot/2.0; +http://www.bing.com/bingbot.htm)"
157.55.39.250 - - [30/Sep/2015:02:25:54 +0300] "GET /index/453/ HTTP/1.0" 200 9465 "-" "Mozilla/5.0 (compatible; bingbot/2.0; +http://www.bing.com/bingbot.htm)"
157.55.39.250 - - [30/Sep/2015:02:25:55 +0300] "GET /index/454/ HTTP/1.0" 200 9744 "-" "Mozilla/5.0 (compatible; bingbot/2.0; +http://www.bing.com/bingbot.htm)"
157.55.39.250 - - [30/Sep/2015:02:25:55 +0300] "GET /index/457/ HTTP/1.0" 200 9897 "-" "Mozilla/5.0 (compatible; bingbot/2.0; +http://www.bing.com/bingbot.htm)"
157.55.39.250 - - [30/Sep/2015:02:25:55 +0300] "GET /raznoe HTTP/1.0" 200 34375 "-" "Mozilla/5.0 (compatible; bingbot/2.0; +http://www.bing.com/bingbot.htm)"
157.55.39.250 - - [30/Sep/2015:02:25:55 +0300] "GET /index/586/ HTTP/1.0" 200 9990 "-" "Mozilla/5.0 (compatible; bingbot/2.0; +http://www.bing.com/bingbot.htm)"
207.46.13.48 - - [30/Sep/2015:02:26:20 +0300] "GET /index/196/ HTTP/1.0" 200 9409 "-" "Mozilla/5.0 (compatible; bingbot/2.0; +http://www.bing.com/bingbot.htm)"
207.46.13.48 - - [30/Sep/2015:02:26:20 +0300] "GET /index/194/ HTTP/1.0" 200 10164 "-" "Mozilla/5.0 (compatible; bingbot/2.0; +http://www.bing.com/bingbot.htm)"
207.46.13.48 - - [30/Sep/2015:02:26:20 +0300] "GET /index/189/ HTTP/1.0" 200 10202 "-" "Mozilla/5.0 (compatible; bingbot/2.0; +http://www.bing.com/bingbot.htm)"
207.46.13.48 - - [30/Sep/2015:02:26:20 +0300] "GET /index/183/ HTTP/1.0" 200 9989 "-" "Mozilla/5.0 (compatible; bingbot/2.0; +http://www.bing.com/bingbot.htm)"
207.46.13.48 - - [30/Sep/2015:02:26:21 +0300] "GET /index/181/ HTTP/1.0" 200 10457 "-" "Mozilla/5.0 (compatible; bingbot/2.0; +http://www.bing.com/bingbot.htm)"
207.46.13.48 - - [30/Sep/2015:02:26:21 +0300] "GET /index/176/ HTTP/1.0" 200 10527 "-" "Mozilla/5.0 (compatible; bingbot/2.0; +http://www.bing.com/bingbot.htm)"
207.46.13.48 - - [30/Sep/2015:02:26:21 +0300] "GET /index/167/ HTTP/1.0" 200 9689 "-" "Mozilla/5.0 (compatible; bingbot/2.0; +http://www.bing.com/bingbot.htm)"
207.46.13.48 - - [30/Sep/2015:02:26:21 +0300] "GET /search/74/ HTTP/1.0" 200 39311 "-" "Mozilla/5.0 (compatible; bingbot/2.0; +http://www.bing.com/bingbot.htm)"
207.46.13.48 - - [30/Sep/2015:02:26:22 +0300] "GET /index/162/ HTTP/1.0" 200 9819 "-" "Mozilla/5.0 (compatible; bingbot/2.0; +http://www.bing.com/bingbot.htm)"
207.46.13.48 - - [30/Sep/2015:02:26:22 +0300] "GET /search/77/ HTTP/1.0" 200 39311 "-" "Mozilla/5.0 (compatible; bingbot/2.0; +http://www.bing.com/bingbot.htm)"
207.46.13.48 - - [30/Sep/2015:02:26:22 +0300] "GET /index/158/ HTTP/1.0" 200 10089 "-" "Mozilla/5.0 (compatible; bingbot/2.0; +http://www.bing.com/bingbot.htm)"
207.46.13.48 - - [30/Sep/2015:02:26:22 +0300] "GET /index/156/ HTTP/1.0" 200 11533 "-" "Mozilla/5.0 (compatible; bingbot/2.0; +http://www.bing.com/bingbot.htm)"
207.46.13.48 - - [30/Sep/2015:02:26:23 +0300] "GET /index/154/ HTTP/1.0" 200 10010 "-" "Mozilla/5.0 (compatible; bingbot/2.0; +http://www.bing.com/bingbot.htm)"
207.46.13.48 - - [30/Sep/2015:02:26:23 +0300] "GET /seksualnye/1/ HTTP/1.0" 200 36714 "-" "Mozilla/5.0 (compatible; bingbot/2.0; +http://www.bing.com/bingbot.htm)"
207.46.13.48 - - [30/Sep/2015:02:26:23 +0300] "GET /index/150/ HTTP/1.0" 200 9926 "-" "Mozilla/5.0 (compatible; bingbot/2.0; +http://www.bing.com/bingbot.htm)"
207.46.13.48 - - [30/Sep/2015:02:26:23 +0300] "GET /seksualnye/4/ HTTP/1.0" 200 37125 "-" "Mozilla/5.0 (compatible; bingbot/2.0; +http://www.bing.com/bingbot.htm)"
207.46.13.48 - - [30/Sep/2015:02:26:23 +0300] "GET /index/1390/ HTTP/1.0" 200 9619 "-" "Mozilla/5.0 (compatible; bingbot/2.0; +http://www.bing.com/bingbot.htm)"
207.46.13.48 - - [30/Sep/2015:02:26:24 +0300] "GET /index/1389/ HTTP/1.0" 200 10955 "-" "Mozilla/5.0 (compatible; bingbot/2.0; +http://www.bing.com/bingbot.htm)"
207.46.13.48 - - [30/Sep/2015:02:26:24 +0300] "GET /shtirlits/2/ HTTP/1.0" 200 26486 "-" "Mozilla/5.0 (compatible; bingbot/2.0; +http://www.bing.com/bingbot.htm)"
207.46.13.48 - - [30/Sep/2015:02:26:24 +0300] "GET /turisty/2/ HTTP/1.0" 200 19175 "-" "Mozilla/5.0 (compatible; bingbot/2.0; +http://www.bing.com/bingbot.htm)"
207.46.13.48 - - [30/Sep/2015:02:26:24 +0300] "GET /index/137/ HTTP/1.0" 200 11276 "-" "Mozilla/5.0 (compatible; bingbot/2.0; +http://www.bing.com/bingbot.htm)"
207.46.13.48 - - [30/Sep/2015:02:26:24 +0300] "GET /index/1359/ HTTP/1.0" 200 9505 "-" "Mozilla/5.0 (compatible; bingbot/2.0; +http://www.bing.com/bingbot.htm)"
207.46.13.48 - - [30/Sep/2015:02:26:25 +0300] "GET /index/1353/ HTTP/1.0" 200 9831 "-" "Mozilla/5.0 (compatible; bingbot/2.0; +http://www.bing.com/bingbot.htm)"
207.46.13.48 - - [30/Sep/2015:02:26:25 +0300] "GET /index/1342/ HTTP/1.0" 200 9763 "-" "Mozilla/5.0 (compatible; bingbot/2.0; +http://www.bing.com/bingbot.htm)"
207.46.13.48 - - [30/Sep/2015:02:26:25 +0300] "GET /index/1332/ HTTP/1.0" 200 9779 "-" "Mozilla/5.0 (compatible; bingbot/2.0; +http://www.bing.com/bingbot.htm)"
207.46.13.48 - - [30/Sep/2015:02:26:25 +0300] "GET /index/1327/ HTTP/1.0" 200 9969 "-" "Mozilla/5.0 (compatible; bingbot/2.0; +http://www.bing.com/bingbot.htm)"
207.46.13.48 - - [30/Sep/2015:02:26:26 +0300] "GET /index/342/ HTTP/1.0" 200 10730 "-" "Mozilla/5.0 (compatible; bingbot/2.0; +http://www.bing.com/bingbot.htm)"
207.46.13.48 - - [30/Sep/2015:02:26:26 +0300] "GET /index/363/ HTTP/1.0" 200 9864 "-" "Mozilla/5.0 (compatible; bingbot/2.0; +http://www.bing.com/bingbot.htm)"
207.46.13.48 - - [30/Sep/2015:02:26:26 +0300] "GET /index/448/ HTTP/1.0" 200 9793 "-" "Mozilla/5.0 (compatible; bingbot/2.0; +http://www.bing.com/bingbot.htm)"
207.46.13.48 - - [30/Sep/2015:02:26:26 +0300] "GET /error404 HTTP/1.0" 200 2385 "-" "Mozilla/5.0 (compatible; bingbot/2.0; +http://www.bing.com/bingbot.htm)"
157.55.39.250 - - [30/Sep/2015:02:26:50 +0300] "GET /rybatskie-i-okhotnichi HTTP/1.0" 200 38245 "-" "Mozilla/5.0 (compatible; bingbot/2.0; +http://www.bing.com/bingbot.htm)"
157.55.39.250 - - [30/Sep/2015:02:26:50 +0300] "GET /alko/2/ HTTP/1.0" 200 38176 "-" "Mozilla/5.0 (compatible; bingbot/2.0; +http://www.bing.com/bingbot.htm)"
157.55.39.250 - - [30/Sep/2015:02:26:50 +0300] "GET /index/591/ HTTP/1.0" 200 10771 "-" "Mozilla/5.0 (compatible; bingbot/2.0; +http://www.bing.com/bingbot.htm)"
157.55.39.250 - - [30/Sep/2015:02:26:50 +0300] "GET /index/592/ HTTP/1.0" 200 10707 "-" "Mozilla/5.0 (compatible; bingbot/2.0; +http://www.bing.com/bingbot.htm)"
157.55.39.250 - - [30/Sep/2015:02:26:51 +0300] "GET /index/595/ HTTP/1.0" 200 11038 "-" "Mozilla/5.0 (compatible; bingbot/2.0; +http://www.bing.com/bingbot.htm)"
157.55.39.250 - - [30/Sep/2015:02:26:51 +0300] "GET /index/597/ HTTP/1.0" 200 11626 "-" "Mozilla/5.0 (compatible; bingbot/2.0; +http://www.bing.com/bingbot.htm)"
66.249.78.58 - - [30/Sep/2015:02:26:51 +0300] "GET /zheleznodorozhnye HTTP/1.0" 200 40152 "-" "Mozilla/5.0 (compatible; Googlebot/2.1; +http://www.google.com/bot.html)"
157.55.39.250 - - [30/Sep/2015:02:26:51 +0300] "GET /index/602/ HTTP/1.0" 200 10015 "-" "Mozilla/5.0 (compatible; bingbot/2.0; +http://www.bing.com/bingbot.htm)"
157.55.39.250 - - [30/Sep/2015:02:26:51 +0300] "GET /index/605/ HTTP/1.0" 200 10590 "-" "Mozilla/5.0 (compatible; bingbot/2.0; +http://www.bing.com/bingbot.htm)"
157.55.39.250 - - [30/Sep/2015:02:26:52 +0300] "GET /bogatyrskie/2/ HTTP/1.0" 200 19971 "-" "Mozilla/5.0 (compatible; bingbot/2.0; +http://www.bing.com/bingbot.htm)"
157.55.39.250 - - [30/Sep/2015:02:26:52 +0300] "GET /index/642/ HTTP/1.0" 200 10911 "-" "Mozilla/5.0 (compatible; bingbot/2.0; +http://www.bing.com/bingbot.htm)"
157.55.39.250 - - [30/Sep/2015:02:26:52 +0300] "GET /index/643/ HTTP/1.0" 200 10048 "-" "Mozilla/5.0 (compatible; bingbot/2.0; +http://www.bing.com/bingbot.htm)"
157.55.39.250 - - [30/Sep/2015:02:26:52 +0300] "GET /index/65/ HTTP/1.0" 200 10260 "-" "Mozilla/5.0 (compatible; bingbot/2.0; +http://www.bing.com/bingbot.htm)"
157.55.39.250 - - [30/Sep/2015:02:26:52 +0300] "GET /index/650/ HTTP/1.0" 200 9968 "-" "Mozilla/5.0 (compatible; bingbot/2.0; +http://www.bing.com/bingbot.htm)"
157.55.39.250 - - [30/Sep/2015:02:26:53 +0300] "GET /index/653/ HTTP/1.0" 200 9825 "-" "Mozilla/5.0 (compatible; bingbot/2.0; +http://www.bing.com/bingbot.htm)"
157.55.39.250 - - [30/Sep/2015:02:26:53 +0300] "GET /index/686/ HTTP/1.0" 200 10813 "-" "Mozilla/5.0 (compatible; bingbot/2.0; +http://www.bing.com/bingbot.htm)"
157.55.39.250 - - [30/Sep/2015:02:26:53 +0300] "GET /index/687/ HTTP/1.0" 200 10895 "-" "Mozilla/5.0 (compatible; bingbot/2.0; +http://www.bing.com/bingbot.htm)"
157.55.39.250 - - [30/Sep/2015:02:26:53 +0300] "GET /index/690/ HTTP/1.0" 200 10058 "-" "Mozilla/5.0 (compatible; bingbot/2.0; +http://www.bing.com/bingbot.htm)"
157.55.39.250 - - [30/Sep/2015:02:26:53 +0300] "GET /index/7/ HTTP/1.0" 200 9703 "-" "Mozilla/5.0 (compatible; bingbot/2.0; +http://www.bing.com/bingbot.htm)"
157.55.39.250 - - [30/Sep/2015:02:26:54 +0300] "GET /index/702/ HTTP/1.0" 200 10669 "-" "Mozilla/5.0 (compatible; bingbot/2.0; +http://www.bing.com/bingbot.htm)"
157.55.39.250 - - [30/Sep/2015:02:26:54 +0300] "GET /index/705/ HTTP/1.0" 200 10075 "-" "Mozilla/5.0 (compatible; bingbot/2.0; +http://www.bing.com/bingbot.htm)"
157.55.39.250 - - [30/Sep/2015:02:26:54 +0300] "GET /index/719/ HTTP/1.0" 200 10424 "-" "Mozilla/5.0 (compatible; bingbot/2.0; +http://www.bing.com/bingbot.htm)"
157.55.39.250 - - [30/Sep/2015:02:26:54 +0300] "GET /index/780/ HTTP/1.0" 200 9723 "-" "Mozilla/5.0 (compatible; bingbot/2.0; +http://www.bing.com/bingbot.htm)"
157.55.39.250 - - [30/Sep/2015:02:26:55 +0300] "GET /index/1069/ HTTP/1.0" 200 12503 "-" "Mozilla/5.0 (compatible; bingbot/2.0; +http://www.bing.com/bingbot.htm)"
157.55.39.250 - - [30/Sep/2015:02:26:55 +0300] "GET /index/784/ HTTP/1.0" 200 9811 "-" "Mozilla/5.0 (compatible; bingbot/2.0; +http://www.bing.com/bingbot.htm)"
157.55.39.250 - - [30/Sep/2015:02:26:55 +0300] "GET /index/1099/ HTTP/1.0" 200 9788 "-" "Mozilla/5.0 (compatible; bingbot/2.0; +http://www.bing.com/bingbot.htm)"
157.55.39.250 - - [30/Sep/2015:02:26:55 +0300] "GET /index/877/ HTTP/1.0" 200 9510 "-" "Mozilla/5.0 (compatible; bingbot/2.0; +http://www.bing.com/bingbot.htm)"
157.55.39.250 - - [30/Sep/2015:02:26:55 +0300] "GET /index/912/ HTTP/1.0" 200 11157 "-" "Mozilla/5.0 (compatible; bingbot/2.0; +http://www.bing.com/bingbot.htm)"
157.55.39.250 - - [30/Sep/2015:02:26:56 +0300] "GET /index/1193/ HTTP/1.0" 200 10559 "-" "Mozilla/5.0 (compatible; bingbot/2.0; +http://www.bing.com/bingbot.htm)"
157.55.39.250 - - [30/Sep/2015:02:26:56 +0300] "GET /index/935/ HTTP/1.0" 200 10205 "-" "Mozilla/5.0 (compatible; bingbot/2.0; +http://www.bing.com/bingbot.htm)"